123
123
test
test
555555555555